// Jest Snapshot v1, https://goo.gl/fbAQLP

exports[`should handle editExpense correctly 1`] = `
<div>
  <p>
    Edit the expense with id of 
    3
  </p>
  <ExpenseForm
    expense={
      Object {
        "amount": 4500,
        "createdAt": 345600000,
        "description": "Credit Card",
        "id": "3",
        "note": "",
      }
    }
    onSubmit={[Function]}
  />
  <button
    onClick={[Function]}
    type="submit"
  >
    Remove
  </button>
</div>
`;

exports[`should handle removeExpense correctly 1`] = `
<div>
  <p>
    Edit the expense with id of 
    3
  </p>
  <ExpenseForm
    expense={
      Object {
        "amount": 4500,
        "createdAt": 345600000,
        "description": "Credit Card",
        "id": "3",
        "note": "",
      }
    }
    onSubmit={[Function]}
  />
  <button
    onClick={[Function]}
    type="submit"
  >
    Remove
  </button>
</div>
`;

exports[`should render editExpensePage correctly 1`] = `
<div>
  <p>
    Edit the expense with id of 
    3
  </p>
  <ExpenseForm
    expense={
      Object {
        "amount": 4500,
        "createdAt": 345600000,
        "description": "Credit Card",
        "id": "3",
        "note": "",
      }
    }
    onSubmit={[Function]}
  />
  <button
    onClick={[Function]}
    type="submit"
  >
    Remove
  </button>
</div>
`;
