// Jest Snapshot v1, https://goo.gl/fbAQLP

exports[`should render ExpenseList with empty msg 1`] = `
<div>
  <div>
    <p>
      No expenses
    </p>
  </div>
</div>
`;

exports[`should render ExpenseList with expenses 1`] = `
<div>
  <div>
    <Component
      expense={
        Object {
          "amount": 194,
          "createdAt": 0,
          "description": "Gun",
          "id": "1",
          "note": "",
        }
      }
      key="1"
    />
    <Component
      expense={
        Object {
          "amount": 109400,
          "createdAt": -345600000,
          "description": "Rent",
          "id": "2",
          "note": "",
        }
      }
      key="2"
    />
    <Component
      expense={
        Object {
          "amount": 4500,
          "createdAt": 345600000,
          "description": "Credit Card",
          "id": "3",
          "note": "",
        }
      }
      key="3"
    />
  </div>
</div>
`;
