// Jest Snapshot v1, https://goo.gl/fbAQLP

exports[`should render ExpenseListItem with dummy data 1`] = `
<div>
  <div>
    <Link
      replace={false}
      to="/edit/1"
    >
      Gun
    </Link>
  </div>
  <div>
    194
  </div>
  <div>
    0
  </div>
</div>
`;
